Archive member included to satisfy reference by file (symbol)

c:/program files (x86)/atmel/studio/7.0/toolchain/arm/arm-gnu-toolchain/bin/../lib/gcc/arm-none-eabi/6.3.1/../../../../arm-none-eabi/lib/thumb/v7e-m\libc.a(lib_a-exit.o)
                              c:/program files (x86)/atmel/studio/7.0/toolchain/arm/arm-gnu-toolchain/bin/../lib/gcc/arm-none-eabi/6.3.1/../../../../arm-none-eabi/lib/thumb/v7e-m/crt0.o (exit)
c:/program files (x86)/atmel/studio/7.0/toolchain/arm/arm-gnu-toolchain/bin/../lib/gcc/arm-none-eabi/6.3.1/../../../../arm-none-eabi/lib/thumb/v7e-m\libc.a(lib_a-impure.o)
                              c:/program files (x86)/atmel/studio/7.0/toolchain/arm/arm-gnu-toolchain/bin/../lib/gcc/arm-none-eabi/6.3.1/../../../../arm-none-eabi/lib/thumb/v7e-m\libc.a(lib_a-exit.o) (_global_impure_ptr)
c:/program files (x86)/atmel/studio/7.0/toolchain/arm/arm-gnu-toolchain/bin/../lib/gcc/arm-none-eabi/6.3.1/../../../../arm-none-eabi/lib/thumb/v7e-m\libc.a(lib_a-init.o)
                              c:/program files (x86)/atmel/studio/7.0/toolchain/arm/arm-gnu-toolchain/bin/../lib/gcc/arm-none-eabi/6.3.1/../../../../arm-none-eabi/lib/thumb/v7e-m/crt0.o (__libc_init_array)
c:/program files (x86)/atmel/studio/7.0/toolchain/arm/arm-gnu-toolchain/bin/../lib/gcc/arm-none-eabi/6.3.1/../../../../arm-none-eabi/lib/thumb/v7e-m\libc.a(lib_a-memset.o)
                              c:/program files (x86)/atmel/studio/7.0/toolchain/arm/arm-gnu-toolchain/bin/../lib/gcc/arm-none-eabi/6.3.1/../../../../arm-none-eabi/lib/thumb/v7e-m/crt0.o (memset)
c:/program files (x86)/atmel/studio/7.0/toolchain/arm/arm-gnu-toolchain/bin/../lib/gcc/arm-none-eabi/6.3.1/../../../../arm-none-eabi/lib/thumb/v7e-m\libc.a(lib_a-__call_atexit.o)
                              c:/program files (x86)/atmel/studio/7.0/toolchain/arm/arm-gnu-toolchain/bin/../lib/gcc/arm-none-eabi/6.3.1/../../../../arm-none-eabi/lib/thumb/v7e-m\libc.a(lib_a-exit.o) (__call_exitprocs)
c:/program files (x86)/atmel/studio/7.0/toolchain/arm/arm-gnu-toolchain/bin/../lib/gcc/arm-none-eabi/6.3.1/../../../../arm-none-eabi/lib/thumb/v7e-m\libc.a(lib_a-atexit.o)
                              c:/program files (x86)/atmel/studio/7.0/toolchain/arm/arm-gnu-toolchain/bin/../lib/gcc/arm-none-eabi/6.3.1/../../../../arm-none-eabi/lib/thumb/v7e-m\libc.a(lib_a-__call_atexit.o) (atexit)
c:/program files (x86)/atmel/studio/7.0/toolchain/arm/arm-gnu-toolchain/bin/../lib/gcc/arm-none-eabi/6.3.1/../../../../arm-none-eabi/lib/thumb/v7e-m\libc.a(lib_a-fini.o)
                              c:/program files (x86)/atmel/studio/7.0/toolchain/arm/arm-gnu-toolchain/bin/../lib/gcc/arm-none-eabi/6.3.1/../../../../arm-none-eabi/lib/thumb/v7e-m\libc.a(lib_a-__call_atexit.o) (__libc_fini_array)
c:/program files (x86)/atmel/studio/7.0/toolchain/arm/arm-gnu-toolchain/bin/../lib/gcc/arm-none-eabi/6.3.1/../../../../arm-none-eabi/lib/thumb/v7e-m\libc.a(lib_a-lock.o)
                              c:/program files (x86)/atmel/studio/7.0/toolchain/arm/arm-gnu-toolchain/bin/../lib/gcc/arm-none-eabi/6.3.1/../../../../arm-none-eabi/lib/thumb/v7e-m\libc.a(lib_a-__call_atexit.o) (__retarget_lock_acquire_recursive)
c:/program files (x86)/atmel/studio/7.0/toolchain/arm/arm-gnu-toolchain/bin/../lib/gcc/arm-none-eabi/6.3.1/../../../../arm-none-eabi/lib/thumb/v7e-m\libc.a(lib_a-__atexit.o)
                              c:/program files (x86)/atmel/studio/7.0/toolchain/arm/arm-gnu-toolchain/bin/../lib/gcc/arm-none-eabi/6.3.1/../../../../arm-none-eabi/lib/thumb/v7e-m\libc.a(lib_a-atexit.o) (__register_exitproc)

Allocating common symbols
Common symbol       size              file

__lock___atexit_recursive_mutex
                    0x1               c:/program files (x86)/atmel/studio/7.0/toolchain/arm/arm-gnu-toolchain/bin/../lib/gcc/arm-none-eabi/6.3.1/../../../../arm-none-eabi/lib/thumb/v7e-m\libc.a(lib_a-lock.o)
__lock___arc4random_mutex
                    0x1               c:/program files (x86)/atmel/studio/7.0/toolchain/arm/arm-gnu-toolchain/bin/../lib/gcc/arm-none-eabi/6.3.1/../../../../arm-none-eabi/lib/thumb/v7e-m\libc.a(lib_a-lock.o)
__lock___env_recursive_mutex
                    0x1               c:/program files (x86)/atmel/studio/7.0/toolchain/arm/arm-gnu-toolchain/bin/../lib/gcc/arm-none-eabi/6.3.1/../../../../arm-none-eabi/lib/thumb/v7e-m\libc.a(lib_a-lock.o)
__lock___sinit_recursive_mutex
                    0x1               c:/program files (x86)/atmel/studio/7.0/toolchain/arm/arm-gnu-toolchain/bin/../lib/gcc/arm-none-eabi/6.3.1/../../../../arm-none-eabi/lib/thumb/v7e-m\libc.a(lib_a-lock.o)
__lock___malloc_recursive_mutex
                    0x1               c:/program files (x86)/atmel/studio/7.0/toolchain/arm/arm-gnu-toolchain/bin/../lib/gcc/arm-none-eabi/6.3.1/../../../../arm-none-eabi/lib/thumb/v7e-m\libc.a(lib_a-lock.o)
__lock___at_quick_exit_mutex
                    0x1               c:/program files (x86)/atmel/studio/7.0/toolchain/arm/arm-gnu-toolchain/bin/../lib/gcc/arm-none-eabi/6.3.1/../../../../arm-none-eabi/lib/thumb/v7e-m\libc.a(lib_a-lock.o)
__lock___dd_hash_mutex
                    0x1               c:/program files (x86)/atmel/studio/7.0/toolchain/arm/arm-gnu-toolchain/bin/../lib/gcc/arm-none-eabi/6.3.1/../../../../arm-none-eabi/lib/thumb/v7e-m\libc.a(lib_a-lock.o)
__lock___tz_mutex   0x1               c:/program files (x86)/atmel/studio/7.0/toolchain/arm/arm-gnu-toolchain/bin/../lib/gcc/arm-none-eabi/6.3.1/../../../../arm-none-eabi/lib/thumb/v7e-m\libc.a(lib_a-lock.o)
__lock___sfp_recursive_mutex
                    0x1               c:/program files (x86)/atmel/studio/7.0/toolchain/arm/arm-gnu-toolchain/bin/../lib/gcc/arm-none-eabi/6.3.1/../../../../arm-none-eabi/lib/thumb/v7e-m\libc.a(lib_a-lock.o)

Discarded input sections

 .text          0x00000000        0x0 c:/program files (x86)/atmel/studio/7.0/toolchain/arm/arm-gnu-toolchain/bin/../lib/gcc/arm-none-eabi/6.3.1/thumb/v7e-m/crti.o
 .data          0x00000000        0x0 c:/program files (x86)/atmel/studio/7.0/toolchain/arm/arm-gnu-toolchain/bin/../lib/gcc/arm-none-eabi/6.3.1/thumb/v7e-m/crti.o
 .bss           0x00000000        0x0 c:/program files (x86)/atmel/studio/7.0/toolchain/arm/arm-gnu-toolchain/bin/../lib/gcc/arm-none-eabi/6.3.1/thumb/v7e-m/crti.o
 .data          0x00000000        0x4 c:/program files (x86)/atmel/studio/7.0/toolchain/arm/arm-gnu-toolchain/bin/../lib/gcc/arm-none-eabi/6.3.1/thumb/v7e-m/crtbegin.o
 .text          0x00000000       0x74 c:/program files (x86)/atmel/studio/7.0/toolchain/arm/arm-gnu-toolchain/bin/../lib/gcc/arm-none-eabi/6.3.1/../../../../arm-none-eabi/lib/thumb/v7e-m/crt0.o
 .data          0x00000000        0x0 c:/program files (x86)/atmel/studio/7.0/toolchain/arm/arm-gnu-toolchain/bin/../lib/gcc/arm-none-eabi/6.3.1/../../../../arm-none-eabi/lib/thumb/v7e-m/crt0.o
 .bss           0x00000000        0x0 c:/program files (x86)/atmel/studio/7.0/toolchain/arm/arm-gnu-toolchain/bin/../lib/gcc/arm-none-eabi/6.3.1/../../../../arm-none-eabi/lib/thumb/v7e-m/crt0.o
 .ARM.extab     0x00000000        0x0 c:/program files (x86)/atmel/studio/7.0/toolchain/arm/arm-gnu-toolchain/bin/../lib/gcc/arm-none-eabi/6.3.1/../../../../arm-none-eabi/lib/thumb/v7e-m/crt0.o
 .ARM.exidx     0x00000000        0x8 c:/program files (x86)/atmel/studio/7.0/toolchain/arm/arm-gnu-toolchain/bin/../lib/gcc/arm-none-eabi/6.3.1/../../../../arm-none-eabi/lib/thumb/v7e-m/crt0.o
 .ARM.attributes
                0x00000000       0x1c c:/program files (x86)/atmel/studio/7.0/toolchain/arm/arm-gnu-toolchain/bin/../lib/gcc/arm-none-eabi/6.3.1/../../../../arm-none-eabi/lib/thumb/v7e-m/crt0.o
 .group         0x00000000        0x8 Device_Startup/startup_sam4s.o
 .group         0x00000000        0x8 Device_Startup/startup_sam4s.o
 .group         0x00000000        0x8 Device_Startup/startup_sam4s.o
 .group         0x00000000        0x8 Device_Startup/startup_sam4s.o
 .group         0x00000000        0x8 Device_Startup/startup_sam4s.o
 .group         0x00000000        0x8 Device_Startup/startup_sam4s.o
 .group         0x00000000        0x8 Device_Startup/startup_sam4s.o
 .group         0x00000000        0x8 Device_Startup/startup_sam4s.o
 .group         0x00000000        0x8 Device_Startup/startup_sam4s.o
 .group         0x00000000        0x8 Device_Startup/startup_sam4s.o
 .group         0x00000000        0x8 Device_Startup/startup_sam4s.o
 .group         0x00000000        0x8 Device_Startup/startup_sam4s.o
 .group         0x00000000        0x8 Device_Startup/startup_sam4s.o
 .group         0x00000000        0x8 Device_Startup/startup_sam4s.o
 .group         0x00000000        0x8 Device_Startup/startup_sam4s.o
 .group         0x00000000        0x8 Device_Startup/startup_sam4s.o
 .group         0x00000000        0x8 Device_Startup/startup_sam4s.o
 .group         0x00000000        0x8 Device_Startup/startup_sam4s.o
 .group         0x00000000        0x8 Device_Startup/startup_sam4s.o
 .group         0x00000000        0x8 Device_Startup/startup_sam4s.o
 .group         0x00000000        0x8 Device_Startup/startup_sam4s.o
 .group         0x00000000        0x8 Device_Startup/startup_sam4s.o
 .group         0x00000000        0x8 Device_Startup/startup_sam4s.o
 .group         0x00000000        0x8 Device_Startup/startup_sam4s.o
 .group         0x00000000        0x8 Device_Startup/startup_sam4s.o
 .group         0x00000000        0x8 Device_Startup/startup_sam4s.o
 .group         0x00000000        0x8 Device_Startup/startup_sam4s.o
 .group         0x00000000        0x8 Device_Startup/startup_sam4s.o
 .group         0x00000000        0x8 Device_Startup/startup_sam4s.o
 .group         0x00000000        0x8 Device_Startup/startup_sam4s.o
 .group         0x00000000        0x8 Device_Startup/startup_sam4s.o
 .group         0x00000000        0x8 Device_Startup/startup_sam4s.o
 .group         0x00000000        0x8 Device_Startup/startup_sam4s.o
 .group         0x00000000        0x8 Device_Startup/startup_sam4s.o
 .group         0x00000000        0x8 Device_Startup/startup_sam4s.o
 .group         0x00000000        0x8 Device_Startup/startup_sam4s.o
 .group         0x00000000        0x8 Device_Startup/startup_sam4s.o
 .group         0x00000000        0x8 Device_Startup/startup_sam4s.o
 .group         0x00000000        0x8 Device_Startup/startup_sam4s.o
 .group         0x00000000        0x8 Device_Startup/startup_sam4s.o
 .group         0x00000000        0x8 Device_Startup/startup_sam4s.o
 .group         0x00000000        0x8 Device_Startup/startup_sam4s.o
 .group         0x00000000        0x8 Device_Startup/startup_sam4s.o
 .group         0x00000000        0x8 Device_Startup/startup_sam4s.o
 .group         0x00000000        0x8 Device_Startup/startup_sam4s.o
 .group         0x00000000        0x8 Device_Startup/startup_sam4s.o
 .group         0x00000000        0x8 Device_Startup/startup_sam4s.o
 .group         0x00000000        0x8 Device_Startup/startup_sam4s.o
 .group         0x00000000        0x8 Device_Startup/startup_sam4s.o
 .group         0x00000000        0x8 Device_Startup/startup_sam4s.o
 .group         0x00000000        0x8 Device_Startup/startup_sam4s.o
 .group         0x00000000        0x8 Device_Startup/startup_sam4s.o
 .group         0x00000000        0x8 Device_Startup/startup_sam4s.o
 .group         0x00000000        0x8 Device_Startup/startup_sam4s.o
 .group         0x00000000        0x8 Device_Startup/startup_sam4s.o
 .group         0x00000000        0x8 Device_Startup/startup_sam4s.o
 .group         0x00000000        0x8 Device_Startup/startup_sam4s.o
 .group         0x00000000        0x8 Device_Startup/startup_sam4s.o
 .group         0x00000000        0x8 Device_Startup/startup_sam4s.o
 .group         0x00000000        0x8 Device_Startup/startup_sam4s.o
 .group         0x00000000        0x8 Device_Startup/startup_sam4s.o
 .group         0x00000000        0x8 Device_Startup/startup_sam4s.o
 .group         0x00000000        0x8 Device_Startup/startup_sam4s.o
 .group         0x00000000        0x8 Device_Startup/startup_sam4s.o
 .group         0x00000000        0x8 Device_Startup/startup_sam4s.o
 .group         0x00000000        0x8 Device_Startup/startup_sam4s.o
 .group         0x00000000        0x8 Device_Startup/startup_sam4s.o
 .group         0x00000000        0x8 Device_Startup/startup_sam4s.o
 .group         0x00000000        0x8 Device_Startup/startup_sam4s.o
 .group         0x00000000        0x8 Device_Startup/startup_sam4s.o
 .group         0x00000000        0x8 Device_Startup/startup_sam4s.o
 .group         0x00000000        0x8 Device_Startup/startup_sam4s.o
 .group         0x00000000        0x8 Device_Startup/startup_sam4s.o
 .group         0x00000000        0x8 Device_Startup/startup_sam4s.o
 .group         0x00000000        0x8 Device_Startup/startup_sam4s.o
 .group         0x00000000        0x8 Device_Startup/startup_sam4s.o
 .text          0x00000000        0x0 Device_Startup/startup_sam4s.o
 .data          0x00000000        0x0 Device_Startup/startup_sam4s.o
 .bss           0x00000000        0x0 Device_Startup/startup_sam4s.o
 .group         0x00000000        0x8 Device_Startup/system_sam4s.o
 .group         0x00000000        0x8 Device_Startup/system_sam4s.o
 .group         0x00000000        0x8 Device_Startup/system_sam4s.o
 .group         0x00000000        0x8 Device_Startup/system_sam4s.o
 .group         0x00000000        0x8 Device_Startup/system_sam4s.o
 .group         0x00000000        0x8 Device_Startup/system_sam4s.o
 .group         0x00000000        0x8 Device_Startup/system_sam4s.o
 .group         0x00000000        0x8 Device_Startup/system_sam4s.o
 .group         0x00000000        0x8 Device_Startup/system_sam4s.o
 .group         0x00000000        0x8 Device_Startup/system_sam4s.o
 .group         0x00000000        0x8 Device_Startup/system_sam4s.o
 .group         0x00000000        0x8 Device_Startup/system_sam4s.o
 .group         0x00000000        0x8 Device_Startup/system_sam4s.o
 .group         0x00000000        0x8 Device_Startup/system_sam4s.o
 .group         0x00000000        0x8 Device_Startup/system_sam4s.o
 .group         0x00000000        0x8 Device_Startup/system_sam4s.o
 .group         0x00000000        0x8 Device_Startup/system_sam4s.o
 .group         0x00000000        0x8 Device_Startup/system_sam4s.o
 .group         0x00000000        0x8 Device_Startup/system_sam4s.o
 .group         0x00000000        0x8 Device_Startup/system_sam4s.o
 .group         0x00000000        0x8 Device_Startup/system_sam4s.o
 .group         0x00000000        0x8 Device_Startup/system_sam4s.o
 .group         0x00000000        0x8 Device_Startup/system_sam4s.o
 .group         0x00000000        0x8 Device_Startup/system_sam4s.o
 .group         0x00000000        0x8 Device_Startup/system_sam4s.o
 .group         0x00000000        0x8 Device_Startup/system_sam4s.o
 .group         0x00000000        0x8 Device_Startup/system_sam4s.o
 .group         0x00000000        0x8 Device_Startup/system_sam4s.o
 .group         0x00000000        0x8 Device_Startup/system_sam4s.o
 .group         0x00000000        0x8 Device_Startup/system_sam4s.o
 .group         0x00000000        0x8 Device_Startup/system_sam4s.o
 .group         0x00000000        0x8 Device_Startup/system_sam4s.o
 .group         0x00000000        0x8 Device_Startup/system_sam4s.o
 .group         0x00000000        0x8 Device_Startup/system_sam4s.o
 .group         0x00000000        0x8 Device_Startup/system_sam4s.o
 .group         0x00000000        0x8 Device_Startup/system_sam4s.o
 .group         0x00000000        0x8 Device_Startup/system_sam4s.o
 .group         0x00000000        0x8 Device_Startup/system_sam4s.o
 .group         0x00000000        0x8 Device_Startup/system_sam4s.o
 .group         0x00000000        0x8 Device_Startup/system_sam4s.o
 .group         0x00000000        0x8 Device_Startup/system_sam4s.o
 .group         0x00000000        0x8 Device_Startup/system_sam4s.o
 .group         0x00000000        0x8 Device_Startup/system_sam4s.o
 .group         0x00000000        0x8 Device_Startup/system_sam4s.o
 .group         0x00000000        0x8 Device_Startup/system_sam4s.o
 .group         0x00000000        0x8 Device_Startup/system_sam4s.o
 .group         0x00000000        0x8 Device_Startup/system_sam4s.o
 .group         0x00000000        0x8 Device_Startup/system_sam4s.o
 .group         0x00000000        0x8 Device_Startup/system_sam4s.o
 .group         0x00000000        0x8 Device_Startup/system_sam4s.o
 .group         0x00000000        0x8 Device_Startup/system_sam4s.o
 .group         0x00000000        0x8 Device_Startup/system_sam4s.o
 .group         0x00000000        0x8 Device_Startup/system_sam4s.o
 .group         0x00000000        0x8 Device_Startup/system_sam4s.o
 .group         0x00000000        0x8 Device_Startup/system_sam4s.o
 .group         0x00000000        0x8 Device_Startup/system_sam4s.o
 .group         0x00000000        0x8 Device_Startup/system_sam4s.o
 .group         0x00000000        0x8 Device_Startup/system_sam4s.o
 .group         0x00000000        0x8 Device_Startup/system_sam4s.o
 .group         0x00000000        0x8 Device_Startup/system_sam4s.o
 .group         0x00000000        0x8 Device_Startup/system_sam4s.o
 .group         0x00000000        0x8 Device_Startup/system_sam4s.o
 .group         0x00000000        0x8 Device_Startup/system_sam4s.o
 .group         0x00000000        0x8 Device_Startup/system_sam4s.o
 .group         0x00000000        0x8 Device_Startup/system_sam4s.o
 .group         0x00000000        0x8 Device_Startup/system_sam4s.o
 .group         0x00000000        0x8 Device_Startup/system_sam4s.o
 .group         0x00000000        0x8 Device_Startup/system_sam4s.o
 .group         0x00000000        0x8 Device_Startup/system_sam4s.o
 .group         0x00000000        0x8 Device_Startup/system_sam4s.o
 .group         0x00000000        0x8 Device_Startup/system_sam4s.o
 .group         0x00000000        0x8 Device_Startup/system_sam4s.o
 .group         0x00000000        0x8 Device_Startup/system_sam4s.o
 .group         0x00000000        0x8 Device_Startup/system_sam4s.o
 .group         0x00000000        0x8 Device_Startup/system_sam4s.o
 .group         0x00000000        0x8 Device_Startup/system_sam4s.o
 .text          0x00000000        0x0 Device_Startup/system_sam4s.o
 .data          0x00000000        0x4 Device_Startup/system_sam4s.o
 .bss           0x00000000        0x0 Device_Startup/system_sam4s.o
 .text.SystemCoreClockUpdate
                0x00000000      0x12c Device_Startup/system_sam4s.o
 .text.system_init_flash
                0x00000000       0x94 Device_Startup/system_sam4s.o
 .debug_macro   0x00000000      0x8b0 Device_Startup/system_sam4s.o
 .debug_macro   0x00000000       0x22 Device_Startup/system_sam4s.o
 .debug_macro   0x00000000       0x87 Device_Startup/system_sam4s.o
 .debug_macro   0x00000000       0x51 Device_Startup/system_sam4s.o
 .debug_macro   0x00000000       0xef Device_Startup/system_sam4s.o
 .debug_macro   0x00000000       0x6a Device_Startup/system_sam4s.o
 .debug_macro   0x00000000      0x1df Device_Startup/system_sam4s.o
 .debug_macro   0x00000000       0x27 Device_Startup/system_sam4s.o
 .debug_macro   0x00000000       0x1c Device_Startup/system_sam4s.o
 .debug_macro   0x00000000       0x22 Device_Startup/system_sam4s.o
 .debug_macro   0x00000000       0xdf Device_Startup/system_sam4s.o
 .debug_macro   0x00000000     0x102d Device_Startup/system_sam4s.o
 .debug_macro   0x00000000      0x11f Device_Startup/system_sam4s.o
 .debug_macro   0x00000000      0x16c Device_Startup/system_sam4s.o
 .debug_macro   0x00000000      0xc6e Device_Startup/system_sam4s.o
 .debug_macro   0x00000000      0x1a8 Device_Startup/system_sam4s.o
 .debug_macro   0x00000000      0x12a Device_Startup/system_sam4s.o
 .debug_macro   0x00000000       0xb2 Device_Startup/system_sam4s.o
 .debug_macro   0x00000000      0x40e Device_Startup/system_sam4s.o
 .debug_macro   0x00000000      0x112 Device_Startup/system_sam4s.o
 .debug_macro   0x00000000       0x1c Device_Startup/system_sam4s.o
 .debug_macro   0x00000000      0x785 Device_Startup/system_sam4s.o
 .debug_macro   0x00000000      0x311 Device_Startup/system_sam4s.o
 .debug_macro   0x00000000       0xbe Device_Startup/system_sam4s.o
 .debug_macro   0x00000000     0x2810 Device_Startup/system_sam4s.o
 .debug_macro   0x00000000      0x7a1 Device_Startup/system_sam4s.o
 .debug_macro   0x00000000      0xb51 Device_Startup/system_sam4s.o
 .debug_macro   0x00000000       0xa6 Device_Startup/system_sam4s.o
 .debug_macro   0x00000000      0x3fb Device_Startup/system_sam4s.o
 .debug_macro   0x00000000       0x64 Device_Startup/system_sam4s.o
 .debug_macro   0x00000000      0x1b6 Device_Startup/system_sam4s.o
 .debug_macro   0x00000000      0x386 Device_Startup/system_sam4s.o
 .debug_macro   0x00000000      0x663 Device_Startup/system_sam4s.o
 .debug_macro   0x00000000      0x6a4 Device_Startup/system_sam4s.o
 .debug_macro   0x00000000      0x615 Device_Startup/system_sam4s.o
 .debug_macro   0x00000000      0x346 Device_Startup/system_sam4s.o
 .debug_macro   0x00000000      0x28c Device_Startup/system_sam4s.o
 .debug_macro   0x00000000      0x2cf Device_Startup/system_sam4s.o
 .debug_macro   0x00000000      0x6ec Device_Startup/system_sam4s.o
 .debug_macro   0x00000000       0x7c Device_Startup/system_sam4s.o
 .debug_macro   0x00000000       0xb8 Device_Startup/system_sam4s.o
 .debug_macro   0x00000000       0xb2 Device_Startup/system_sam4s.o
 .debug_macro   0x00000000       0x88 Device_Startup/system_sam4s.o
 .debug_macro   0x00000000      0x100 Device_Startup/system_sam4s.o
 .debug_macro   0x00000000      0x100 Device_Startup/system_sam4s.o
 .debug_macro   0x00000000       0x88 Device_Startup/system_sam4s.o
 .debug_macro   0x00000000       0x88 Device_Startup/system_sam4s.o
 .debug_macro   0x00000000      0x2cd Device_Startup/system_sam4s.o
 .debug_macro   0x00000000       0xac Device_Startup/system_sam4s.o
 .debug_macro   0x00000000       0xac Device_Startup/system_sam4s.o
 .debug_macro   0x00000000       0x52 Device_Startup/system_sam4s.o
 .debug_macro   0x00000000       0xac Device_Startup/system_sam4s.o
 .debug_macro   0x00000000       0x7c Device_Startup/system_sam4s.o
 .debug_macro   0x00000000       0x40 Device_Startup/system_sam4s.o
 .debug_macro   0x00000000       0x64 Device_Startup/system_sam4s.o
 .debug_macro   0x00000000       0x46 Device_Startup/system_sam4s.o
 .debug_macro   0x00000000       0x88 Device_Startup/system_sam4s.o
 .debug_macro   0x00000000       0x4c Device_Startup/system_sam4s.o
 .debug_macro   0x00000000       0xa6 Device_Startup/system_sam4s.o
 .debug_macro   0x00000000       0x7c Device_Startup/system_sam4s.o
 .debug_macro   0x00000000       0x16 Device_Startup/system_sam4s.o
 .debug_macro   0x00000000       0x7c Device_Startup/system_sam4s.o
 .debug_macro   0x00000000       0x22 Device_Startup/system_sam4s.o
 .debug_macro   0x00000000       0x22 Device_Startup/system_sam4s.o
 .debug_macro   0x00000000      0x186 Device_Startup/system_sam4s.o
 .debug_macro   0x00000000      0x156 Device_Startup/system_sam4s.o
 .debug_macro   0x00000000      0x156 Device_Startup/system_sam4s.o
 .debug_macro   0x00000000       0x1c Device_Startup/system_sam4s.o
 .debug_macro   0x00000000       0x2e Device_Startup/system_sam4s.o
 .debug_macro   0x00000000       0x22 Device_Startup/system_sam4s.o
 .debug_macro   0x00000000       0x1c Device_Startup/system_sam4s.o
 .debug_macro   0x00000000       0x52 Device_Startup/system_sam4s.o
 .debug_macro   0x00000000       0x10 Device_Startup/system_sam4s.o
 .debug_macro   0x00000000      0x234 Device_Startup/system_sam4s.o
 .debug_macro   0x00000000      0x93e Device_Startup/system_sam4s.o
 .debug_macro   0x00000000      0x12a Device_Startup/system_sam4s.o
 .group         0x00000000        0x8 main.o
 .group         0x00000000        0x8 main.o
 .group         0x00000000        0x8 main.o
 .group         0x00000000        0x8 main.o
 .group         0x00000000        0x8 main.o
 .group         0x00000000        0x8 main.o
 .group         0x00000000        0x8 main.o
 .group         0x00000000        0x8 main.o
 .group         0x00000000        0x8 main.o
 .group         0x00000000        0x8 main.o
 .group         0x00000000        0x8 main.o
 .group         0x00000000        0x8 main.o
 .group         0x00000000        0x8 main.o
 .group         0x00000000        0x8 main.o
 .group         0x00000000        0x8 main.o
 .group         0x00000000        0x8 main.o
 .group         0x00000000        0x8 main.o
 .group         0x00000000        0x8 main.o
 .group         0x00000000        0x8 main.o
 .group         0x00000000        0x8 main.o
 .group         0x00000000        0x8 main.o
 .group         0x00000000        0x8 main.o
 .group         0x00000000        0x8 main.o
 .group         0x00000000        0x8 main.o
 .group         0x00000000        0x8 main.o
 .group         0x00000000        0x8 main.o
 .group         0x00000000        0x8 main.o
 .group         0x00000000        0x8 main.o
 .group         0x00000000        0x8 main.o
 .group         0x00000000        0x8 main.o
 .group         0x00000000        0x8 main.o
 .group         0x00000000        0x8 main.o
 .group         0x00000000        0x8 main.o
 .group         0x00000000        0x8 main.o
 .group         0x00000000        0x8 main.o
 .group         0x00000000        0x8 main.o
 .group         0x00000000        0x8 main.o
 .group         0x00000000        0x8 main.o
 .group         0x00000000        0x8 main.o
 .group         0x00000000        0x8 main.o
 .group         0x00000000        0x8 main.o
 .group         0x00000000        0x8 main.o
 .group         0x00000000        0x8 main.o
 .group         0x00000000        0x8 main.o
 .group         0x00000000        0x8 main.o
 .group         0x00000000        0x8 main.o
 .group         0x00000000        0x8 main.o
 .group         0x00000000        0x8 main.o
 .group         0x00000000        0x8 main.o
 .group         0x00000000        0x8 main.o
 .group         0x00000000        0x8 main.o
 .group         0x00000000        0x8 main.o
 .group         0x00000000        0x8 main.o
 .group         0x00000000        0x8 main.o
 .group         0x00000000        0x8 main.o
 .group         0x00000000        0x8 main.o
 .group         0x00000000        0x8 main.o
 .group         0x00000000        0x8 main.o
 .group         0x00000000        0x8 main.o
 .group         0x00000000        0x8 main.o
 .group         0x00000000        0x8 main.o
 .group         0x00000000        0x8 main.o
 .group         0x00000000        0x8 main.o
 .group         0x00000000        0x8 main.o
 .group         0x00000000        0x8 main.o
 .group         0x00000000        0x8 main.o
 .group         0x00000000        0x8 main.o
 .group         0x00000000        0x8 main.o
 .group         0x00000000        0x8 main.o
 .group         0x00000000        0x8 main.o
 .group         0x00000000        0x8 main.o
 .group         0x00000000        0x8 main.o
 .group         0x00000000        0x8 main.o
 .group         0x00000000        0x8 main.o
 .group         0x00000000        0x8 main.o
 .group         0x00000000        0x8 main.o
 .text          0x00000000        0x0 main.o
 .data          0x00000000        0x0 main.o
 .bss           0x00000000        0x0 main.o
 .debug_macro   0x00000000      0x8b0 main.o
 .debug_macro   0x00000000       0x22 main.o
 .debug_macro   0x00000000       0x87 main.o
 .debug_macro   0x00000000       0x51 main.o
 .debug_macro   0x00000000       0xef main.o
 .debug_macro   0x00000000       0x6a main.o
 .debug_macro   0x00000000      0x1df main.o
 .debug_macro   0x00000000       0x27 main.o
 .debug_macro   0x00000000       0x1c main.o
 .debug_macro   0x00000000       0x22 main.o
 .debug_macro   0x00000000       0xdf main.o
 .debug_macro   0x00000000     0x102d main.o
 .debug_macro   0x00000000      0x11f main.o
 .debug_macro   0x00000000      0x16c main.o
 .debug_macro   0x00000000      0xc6e main.o
 .debug_macro   0x00000000      0x1a8 main.o
 .debug_macro   0x00000000      0x12a main.o
 .debug_macro   0x00000000       0xb2 main.o
 .debug_macro   0x00000000      0x40e main.o
 .debug_macro   0x00000000      0x112 main.o
 .debug_macro   0x00000000       0x1c main.o
 .debug_macro   0x00000000      0x785 main.o
 .debug_macro   0x00000000      0x311 main.o
 .debug_macro   0x00000000       0xbe main.o
 .debug_macro   0x00000000     0x2810 main.o
 .debug_macro   0x00000000      0x7a1 main.o
 .debug_macro   0x00000000      0xb51 main.o
 .debug_macro   0x00000000       0xa6 main.o
 .debug_macro   0x00000000      0x3fb main.o
 .debug_macro   0x00000000       0x64 main.o
 .debug_macro   0x00000000      0x1b6 main.o
 .debug_macro   0x00000000      0x386 main.o
 .debug_macro   0x00000000      0x663 main.o
 .debug_macro   0x00000000      0x6a4 main.o
 .debug_macro   0x00000000      0x615 main.o
 .debug_macro   0x00000000      0x346 main.o
 .debug_macro   0x00000000      0x28c main.o
 .debug_macro   0x00000000      0x2cf main.o
 .debug_macro   0x00000000      0x6ec main.o
 .debug_macro   0x00000000       0x7c main.o
 .debug_macro   0x00000000       0xb8 main.o
 .debug_macro   0x00000000       0xb2 main.o
 .debug_macro   0x00000000       0x88 main.o
 .debug_macro   0x00000000      0x100 main.o
 .debug_macro   0x00000000      0x100 main.o
 .debug_macro   0x00000000       0x88 main.o
 .debug_macro   0x00000000       0x88 main.o
 .debug_macro   0x00000000      0x2cd main.o
 .debug_macro   0x00000000       0xac main.o
 .debug_macro   0x00000000       0xac main.o
 .debug_macro   0x00000000       0x52 main.o
 .debug_macro   0x00000000       0xac main.o
 .debug_macro   0x00000000       0x7c main.o
 .debug_macro   0x00000000       0x40 main.o
 .debug_macro   0x00000000       0x64 main.o
 .debug_macro   0x00000000       0x46 main.o
 .debug_macro   0x00000000       0x88 main.o
 .debug_macro   0x00000000       0x4c main.o
 .debug_macro   0x00000000       0xa6 main.o
 .debug_macro   0x00000000       0x7c main.o
 .debug_macro   0x00000000       0x16 main.o
 .debug_macro   0x00000000       0x7c main.o
 .debug_macro   0x00000000       0x22 main.o
 .debug_macro   0x00000000       0x22 main.o
 .debug_macro   0x00000000      0x186 main.o
 .debug_macro   0x00000000      0x156 main.o
 .debug_macro   0x00000000      0x156 main.o
 .debug_macro   0x00000000       0x1c main.o
 .debug_macro   0x00000000       0x2e main.o
 .debug_macro   0x00000000       0x22 main.o
 .debug_macro   0x00000000       0x1c main.o
 .debug_macro   0x00000000       0x52 main.o
 .debug_macro   0x00000000       0x10 main.o
 .debug_macro   0x00000000      0x234 main.o
 .debug_macro   0x00000000      0x93e main.o
 .debug_macro   0x00000000      0x12a main.o
 .text          0x00000000        0x0 c:/program files (x86)/atmel/studio/7.0/toolchain/arm/arm-gnu-toolchain/bin/../lib/gcc/arm-none-eabi/6.3.1/../../../../arm-none-eabi/lib/thumb/v7e-m\libc.a(lib_a-exit.o)
 .data          0x00000000        0x0 c:/program files (x86)/atmel/studio/7.0/toolchain/arm/arm-gnu-toolchain/bin/../lib/gcc/arm-none-eabi/6.3.1/../../../../arm-none-eabi/lib/thumb/v7e-m\libc.a(lib_a-exit.o)
 .bss           0x00000000        0x0 c:/program files (x86)/atmel/studio/7.0/toolchain/arm/arm-gnu-toolchain/bin/../lib/gcc/arm-none-eabi/6.3.1/../../../../arm-none-eabi/lib/thumb/v7e-m\libc.a(lib_a-exit.o)
 .text.exit     0x00000000       0x20 c:/program files (x86)/atmel/studio/7.0/toolchain/arm/arm-gnu-toolchain/bin/../lib/gcc/arm-none-eabi/6.3.1/../../../../arm-none-eabi/lib/thumb/v7e-m\libc.a(lib_a-exit.o)
 .debug_frame   0x00000000       0x28 c:/program files (x86)/atmel/studio/7.0/toolchain/arm/arm-gnu-toolchain/bin/../lib/gcc/arm-none-eabi/6.3.1/../../../../arm-none-eabi/lib/thumb/v7e-m\libc.a(lib_a-exit.o)
 .ARM.attributes
                0x00000000       0x2e c:/program files (x86)/atmel/studio/7.0/toolchain/arm/arm-gnu-toolchain/bin/../lib/gcc/arm-none-eabi/6.3.1/../../../../arm-none-eabi/lib/thumb/v7e-m\libc.a(lib_a-exit.o)
 .text          0x00000000        0x0 c:/program files (x86)/atmel/studio/7.0/toolchain/arm/arm-gnu-toolchain/bin/../lib/gcc/arm-none-eabi/6.3.1/../../../../arm-none-eabi/lib/thumb/v7e-m\libc.a(lib_a-impure.o)
 .data          0x00000000        0x0 c:/program files (x86)/atmel/studio/7.0/toolchain/arm/arm-gnu-toolchain/bin/../lib/gcc/arm-none-eabi/6.3.1/../../../../arm-none-eabi/lib/thumb/v7e-m\libc.a(lib_a-impure.o)
 .bss           0x00000000        0x0 c:/program files (x86)/atmel/studio/7.0/toolchain/arm/arm-gnu-toolchain/bin/../lib/gcc/arm-none-eabi/6.3.1/../../../../arm-none-eabi/lib/thumb/v7e-m\libc.a(lib_a-impure.o)
 .data._impure_ptr
                0x00000000        0x4 c:/program files (x86)/atmel/studio/7.0/toolchain/arm/arm-gnu-toolchain/bin/../lib/gcc/arm-none-eabi/6.3.1/../../../../arm-none-eabi/lib/thumb/v7e-m\libc.a(lib_a-impure.o)
 .text          0x00000000        0x0 c:/program files (x86)/atmel/studio/7.0/toolchain/arm/arm-gnu-toolchain/bin/../lib/gcc/arm-none-eabi/6.3.1/../../../../arm-none-eabi/lib/thumb/v7e-m\libc.a(lib_a-init.o)
 .data          0x00000000        0x0 c:/program files (x86)/atmel/studio/7.0/toolchain/arm/arm-gnu-toolchain/bin/../lib/gcc/arm-none-eabi/6.3.1/../../../../arm-none-eabi/lib/thumb/v7e-m\libc.a(lib_a-init.o)
 .bss           0x00000000        0x0 c:/program files (x86)/atmel/studio/7.0/toolchain/arm/arm-gnu-toolchain/bin/../lib/gcc/arm-none-eabi/6.3.1/../../../../arm-none-eabi/lib/thumb/v7e-m\libc.a(lib_a-init.o)
 .text          0x00000000        0x0 c:/program files (x86)/atmel/studio/7.0/toolchain/arm/arm-gnu-toolchain/bin/../lib/gcc/arm-none-eabi/6.3.1/../../../../arm-none-eabi/lib/thumb/v7e-m\libc.a(lib_a-memset.o)
 .data          0x00000000        0x0 c:/program files (x86)/atmel/studio/7.0/toolchain/arm/arm-gnu-toolchain/bin/../lib/gcc/arm-none-eabi/6.3.1/../../../../arm-none-eabi/lib/thumb/v7e-m\libc.a(lib_a-memset.o)
 .bss           0x00000000        0x0 c:/program files (x86)/atmel/studio/7.0/toolchain/arm/arm-gnu-toolchain/bin/../lib/gcc/arm-none-eabi/6.3.1/../../../../arm-none-eabi/lib/thumb/v7e-m\libc.a(lib_a-memset.o)
 .text.memset   0x00000000       0x9c c:/program files (x86)/atmel/studio/7.0/toolchain/arm/arm-gnu-toolchain/bin/../lib/gcc/arm-none-eabi/6.3.1/../../../../arm-none-eabi/lib/thumb/v7e-m\libc.a(lib_a-memset.o)
 .debug_frame   0x00000000       0x34 c:/program files (x86)/atmel/studio/7.0/toolchain/arm/arm-gnu-toolchain/bin/../lib/gcc/arm-none-eabi/6.3.1/../../../../arm-none-eabi/lib/thumb/v7e-m\libc.a(lib_a-memset.o)
 .ARM.attributes
                0x00000000       0x2e c:/program files (x86)/atmel/studio/7.0/toolchain/arm/arm-gnu-toolchain/bin/../lib/gcc/arm-none-eabi/6.3.1/../../../../arm-none-eabi/lib/thumb/v7e-m\libc.a(lib_a-memset.o)
 .text          0x00000000        0x0 c:/program files (x86)/atmel/studio/7.0/toolchain/arm/arm-gnu-toolchain/bin/../lib/gcc/arm-none-eabi/6.3.1/../../../../arm-none-eabi/lib/thumb/v7e-m\libc.a(lib_a-__call_atexit.o)
 .data          0x00000000        0x0 c:/program files (x86)/atmel/studio/7.0/toolchain/arm/arm-gnu-toolchain/bin/../lib/gcc/arm-none-eabi/6.3.1/../../../../arm-none-eabi/lib/thumb/v7e-m\libc.a(lib_a-__call_atexit.o)
 .bss           0x00000000        0x0 c:/program files (x86)/atmel/studio/7.0/toolchain/arm/arm-gnu-toolchain/bin/../lib/gcc/arm-none-eabi/6.3.1/../../../../arm-none-eabi/lib/thumb/v7e-m\libc.a(lib_a-__call_atexit.o)
 .text.__call_exitprocs
                0x00000000       0xe8 c:/program files (x86)/atmel/studio/7.0/toolchain/arm/arm-gnu-toolchain/bin/../lib/gcc/arm-none-eabi/6.3.1/../../../../arm-none-eabi/lib/thumb/v7e-m\libc.a(lib_a-__call_atexit.o)
 .text          0x00000000        0x0 c:/program files (x86)/atmel/studio/7.0/toolchain/arm/arm-gnu-toolchain/bin/../lib/gcc/arm-none-eabi/6.3.1/../../../../arm-none-eabi/lib/thumb/v7e-m\libc.a(lib_a-atexit.o)
 .data          0x00000000        0x0 c:/program files (x86)/atmel/studio/7.0/toolchain/arm/arm-gnu-toolchain/bin/../lib/gcc/arm-none-eabi/6.3.1/../../../../arm-none-eabi/lib/thumb/v7e-m\libc.a(lib_a-atexit.o)
 .bss           0x00000000        0x0 c:/program files (x86)/atmel/studio/7.0/toolchain/arm/arm-gnu-toolchain/bin/../lib/gcc/arm-none-eabi/6.3.1/../../../../arm-none-eabi/lib/thumb/v7e-m\libc.a(lib_a-atexit.o)
 .text          0x00000000        0x0 c:/program files (x86)/atmel/studio/7.0/toolchain/arm/arm-gnu-toolchain/bin/../lib/gcc/arm-none-eabi/6.3.1/../../../../arm-none-eabi/lib/thumb/v7e-m\libc.a(lib_a-fini.o)
 .data          0x00000000        0x0 c:/program files (x86)/atmel/studio/7.0/toolchain/arm/arm-gnu-toolchain/bin/../lib/gcc/arm-none-eabi/6.3.1/../../../../arm-none-eabi/lib/thumb/v7e-m\libc.a(lib_a-fini.o)
 .bss           0x00000000        0x0 c:/program files (x86)/atmel/studio/7.0/toolchain/arm/arm-gnu-toolchain/bin/../lib/gcc/arm-none-eabi/6.3.1/../../../../arm-none-eabi/lib/thumb/v7e-m\libc.a(lib_a-fini.o)
 .text          0x00000000        0x0 c:/program files (x86)/atmel/studio/7.0/toolchain/arm/arm-gnu-toolchain/bin/../lib/gcc/arm-none-eabi/6.3.1/../../../../arm-none-eabi/lib/thumb/v7e-m\libc.a(lib_a-lock.o)
 .data          0x00000000        0x0 c:/program files (x86)/atmel/studio/7.0/toolchain/arm/arm-gnu-toolchain/bin/../lib/gcc/arm-none-eabi/6.3.1/../../../../arm-none-eabi/lib/thumb/v7e-m\libc.a(lib_a-lock.o)
 .bss           0x00000000        0x0 c:/program files (x86)/atmel/studio/7.0/toolchain/arm/arm-gnu-toolchain/bin/../lib/gcc/arm-none-eabi/6.3.1/../../../../arm-none-eabi/lib/thumb/v7e-m\libc.a(lib_a-lock.o)
 .text.__retarget_lock_init
                0x00000000        0x4 c:/program files (x86)/atmel/studio/7.0/toolchain/arm/arm-gnu-toolchain/bin/../lib/gcc/arm-none-eabi/6.3.1/../../../../arm-none-eabi/lib/thumb/v7e-m\libc.a(lib_a-lock.o)
 .text.__retarget_lock_init_recursive
                0x00000000        0x4 c:/program files (x86)/atmel/studio/7.0/toolchain/arm/arm-gnu-toolchain/bin/../lib/gcc/arm-none-eabi/6.3.1/../../../../arm-none-eabi/lib/thumb/v7e-m\libc.a(lib_a-lock.o)
 .text.__retarget_lock_close
                0x00000000        0x4 c:/program files (x86)/atmel/studio/7.0/toolchain/arm/arm-gnu-toolchain/bin/../lib/gcc/arm-none-eabi/6.3.1/../../../../arm-none-eabi/lib/thumb/v7e-m\libc.a(lib_a-lock.o)
 .text.__retarget_lock_close_recursive
                0x00000000        0x4 c:/program files (x86)/atmel/studio/7.0/toolchain/arm/arm-gnu-toolchain/bin/../lib/gcc/arm-none-eabi/6.3.1/../../../../arm-none-eabi/lib/thumb/v7e-m\libc.a(lib_a-lock.o)
 .text.__retarget_lock_acquire
                0x00000000        0x4 c:/program files (x86)/atmel/studio/7.0/toolchain/arm/arm-gnu-toolchain/bin/../lib/gcc/arm-none-eabi/6.3.1/../../../../arm-none-eabi/lib/thumb/v7e-m\libc.a(lib_a-lock.o)
 .text.__retarget_lock_try_acquire
                0x00000000        0x4 c:/program files (x86)/atmel/studio/7.0/toolchain/arm/arm-gnu-toolchain/bin/../lib/gcc/arm-none-eabi/6.3.1/../../../../arm-none-eabi/lib/thumb/v7e-m\libc.a(lib_a-lock.o)
 .text.__retarget_lock_try_acquire_recursive
                0x00000000        0x4 c:/program files (x86)/atmel/studio/7.0/toolchain/arm/arm-gnu-toolchain/bin/../lib/gcc/arm-none-eabi/6.3.1/../../../../arm-none-eabi/lib/thumb/v7e-m\libc.a(lib_a-lock.o)
 .text.__retarget_lock_release
                0x00000000        0x4 c:/program files (x86)/atmel/studio/7.0/toolchain/arm/arm-gnu-toolchain/bin/../lib/gcc/arm-none-eabi/6.3.1/../../../../arm-none-eabi/lib/thumb/v7e-m\libc.a(lib_a-lock.o)
 .text          0x00000000        0x0 c:/program files (x86)/atmel/studio/7.0/toolchain/arm/arm-gnu-toolchain/bin/../lib/gcc/arm-none-eabi/6.3.1/../../../../arm-none-eabi/lib/thumb/v7e-m\libc.a(lib_a-__atexit.o)
 .data          0x00000000        0x0 c:/program files (x86)/atmel/studio/7.0/toolchain/arm/arm-gnu-toolchain/bin/../lib/gcc/arm-none-eabi/6.3.1/../../../../arm-none-eabi/lib/thumb/v7e-m\libc.a(lib_a-__atexit.o)
 .bss           0x00000000        0x0 c:/program files (x86)/atmel/studio/7.0/toolchain/arm/arm-gnu-toolchain/bin/../lib/gcc/arm-none-eabi/6.3.1/../../../../arm-none-eabi/lib/thumb/v7e-m\libc.a(lib_a-__atexit.o)
 .text          0x00000000        0x0 c:/program files (x86)/atmel/studio/7.0/toolchain/arm/arm-gnu-toolchain/bin/../lib/gcc/arm-none-eabi/6.3.1/thumb/v7e-m/crtend.o
 .data          0x00000000        0x0 c:/program files (x86)/atmel/studio/7.0/toolchain/arm/arm-gnu-toolchain/bin/../lib/gcc/arm-none-eabi/6.3.1/thumb/v7e-m/crtend.o
 .bss           0x00000000        0x0 c:/program files (x86)/atmel/studio/7.0/toolchain/arm/arm-gnu-toolchain/bin/../lib/gcc/arm-none-eabi/6.3.1/thumb/v7e-m/crtend.o
 .eh_frame      0x00000000        0x4 c:/program files (x86)/atmel/studio/7.0/toolchain/arm/arm-gnu-toolchain/bin/../lib/gcc/arm-none-eabi/6.3.1/thumb/v7e-m/crtend.o
 .jcr           0x00000000        0x4 c:/program files (x86)/atmel/studio/7.0/toolchain/arm/arm-gnu-toolchain/bin/../lib/gcc/arm-none-eabi/6.3.1/thumb/v7e-m/crtend.o
 .ARM.attributes
                0x00000000       0x2e c:/program files (x86)/atmel/studio/7.0/toolchain/arm/arm-gnu-toolchain/bin/../lib/gcc/arm-none-eabi/6.3.1/thumb/v7e-m/crtend.o
 .text          0x00000000        0x0 c:/program files (x86)/atmel/studio/7.0/toolchain/arm/arm-gnu-toolchain/bin/../lib/gcc/arm-none-eabi/6.3.1/thumb/v7e-m/crtn.o
 .data          0x00000000        0x0 c:/program files (x86)/atmel/studio/7.0/toolchain/arm/arm-gnu-toolchain/bin/../lib/gcc/arm-none-eabi/6.3.1/thumb/v7e-m/crtn.o
 .bss           0x00000000        0x0 c:/program files (x86)/atmel/studio/7.0/toolchain/arm/arm-gnu-toolchain/bin/../lib/gcc/arm-none-eabi/6.3.1/thumb/v7e-m/crtn.o

Memory Configuration

Name             Origin             Length             Attributes
rom              0x00400000         0x00200000         xr
ram              0x20000000         0x00028000         xrw
*default*        0x00000000         0xffffffff

Linker script and memory map

LOAD c:/program files (x86)/atmel/studio/7.0/toolchain/arm/arm-gnu-toolchain/bin/../lib/gcc/arm-none-eabi/6.3.1/thumb/v7e-m/crti.o
LOAD c:/program files (x86)/atmel/studio/7.0/toolchain/arm/arm-gnu-toolchain/bin/../lib/gcc/arm-none-eabi/6.3.1/thumb/v7e-m/crtbegin.o
LOAD c:/program files (x86)/atmel/studio/7.0/toolchain/arm/arm-gnu-toolchain/bin/../lib/gcc/arm-none-eabi/6.3.1/../../../../arm-none-eabi/lib/thumb/v7e-m/crt0.o
LOAD Device_Startup/startup_sam4s.o
LOAD Device_Startup/system_sam4s.o
LOAD main.o
START GROUP
LOAD c:/program files (x86)/atmel/studio/7.0/toolchain/arm/arm-gnu-toolchain/bin/../lib/gcc/arm-none-eabi/6.3.1/../../../../arm-none-eabi/lib/thumb/v7e-m\libm.a
END GROUP
START GROUP
LOAD c:/program files (x86)/atmel/studio/7.0/toolchain/arm/arm-gnu-toolchain/bin/../lib/gcc/arm-none-eabi/6.3.1/thumb/v7e-m\libgcc.a
LOAD c:/program files (x86)/atmel/studio/7.0/toolchain/arm/arm-gnu-toolchain/bin/../lib/gcc/arm-none-eabi/6.3.1/../../../../arm-none-eabi/lib/thumb/v7e-m\libc.a
END GROUP
LOAD c:/program files (x86)/atmel/studio/7.0/toolchain/arm/arm-gnu-toolchain/bin/../lib/gcc/arm-none-eabi/6.3.1/thumb/v7e-m/crtend.o
LOAD c:/program files (x86)/atmel/studio/7.0/toolchain/arm/arm-gnu-toolchain/bin/../lib/gcc/arm-none-eabi/6.3.1/thumb/v7e-m/crtn.o
                0x00000400                STACK_SIZE = DEFINED (STACK_SIZE)?STACK_SIZE:0x400
                0x00000200                HEAP_SIZE = DEFINED (HEAP_SIZE)?HEAP_SIZE:0x200

.text           0x00400000      0x35c
                0x00400000                . = ALIGN (0x4)
                0x00400000                _sfixed = .
 *(.vectors .vectors.*)
 .vectors       0x00400000       0xcc Device_Startup/startup_sam4s.o
                0x00400000                exception_table
 *(.text .text.* .gnu.linkonce.t.*)
 .text          0x004000cc       0x6c c:/program files (x86)/atmel/studio/7.0/toolchain/arm/arm-gnu-toolchain/bin/../lib/gcc/arm-none-eabi/6.3.1/thumb/v7e-m/crtbegin.o
 .text.Dummy_Handler
                0x00400138        0x2 Device_Startup/startup_sam4s.o
                0x00400138                DACC_Handler
                0x00400138                DebugMon_Handler
                0x00400138                HardFault_Handler
                0x00400138                TC2_Handler
                0x00400138                SPI_Handler
                0x00400138                SysTick_Handler
                0x00400138                TWI1_Handler
                0x00400138                PendSV_Handler
                0x00400138                NMI_Handler
                0x00400138                ADC_Handler
                0x00400138                CRCCU_Handler
                0x00400138                USART0_Handler
                0x00400138                RTT_Handler
                0x00400138                EFC1_Handler
                0x00400138                PIOB_Handler
                0x00400138                RTC_Handler
                0x00400138                UsageFault_Handler
                0x00400138                WDT_Handler
                0x00400138                TC4_Handler
                0x00400138                TC1_Handler
                0x00400138                HSMCI_Handler
                0x00400138                UART1_Handler
                0x00400138                TC3_Handler
                0x00400138                Dummy_Handler
                0x00400138                TWI0_Handler
                0x00400138                USART1_Handler
                0x00400138                PIOA_Handler
                0x00400138                SSC_Handler
                0x00400138                EFC0_Handler
                0x00400138                ACC_Handler
                0x00400138                PMC_Handler
                0x00400138                PWM_Handler
                0x00400138                MemManage_Handler
                0x00400138                SUPC_Handler
                0x00400138                SVC_Handler
                0x00400138                UART0_Handler
                0x00400138                PIOC_Handler
                0x00400138                UDP_Handler
                0x00400138                BusFault_Handler
                0x00400138                RSTC_Handler
                0x00400138                TC0_Handler
                0x00400138                TC5_Handler
 *fill*         0x0040013a        0x2 
 .text.Reset_Handler
                0x0040013c       0x68 Device_Startup/startup_sam4s.o
                0x0040013c                Reset_Handler
 .text.SystemInit
                0x004001a4       0x14 Device_Startup/system_sam4s.o
                0x004001a4                SystemInit
 .text.main     0x004001b8        0xc main.o
                0x004001b8                main
 .text.__libc_init_array
                0x004001c4       0x50 c:/program files (x86)/atmel/studio/7.0/toolchain/arm/arm-gnu-toolchain/bin/../lib/gcc/arm-none-eabi/6.3.1/../../../../arm-none-eabi/lib/thumb/v7e-m\libc.a(lib_a-init.o)
                0x004001c4                __libc_init_array
 .text.startup.register_fini
                0x00400214       0x14 c:/program files (x86)/atmel/studio/7.0/toolchain/arm/arm-gnu-toolchain/bin/../lib/gcc/arm-none-eabi/6.3.1/../../../../arm-none-eabi/lib/thumb/v7e-m\libc.a(lib_a-__call_atexit.o)
 .text.atexit   0x00400228        0xc c:/program files (x86)/atmel/studio/7.0/toolchain/arm/arm-gnu-toolchain/bin/../lib/gcc/arm-none-eabi/6.3.1/../../../../arm-none-eabi/lib/thumb/v7e-m\libc.a(lib_a-atexit.o)
                0x00400228                atexit
 .text.__libc_fini_array
                0x00400234       0x34 c:/program files (x86)/atmel/studio/7.0/toolchain/arm/arm-gnu-toolchain/bin/../lib/gcc/arm-none-eabi/6.3.1/../../../../arm-none-eabi/lib/thumb/v7e-m\libc.a(lib_a-fini.o)
                0x00400234                __libc_fini_array
 .text.__retarget_lock_acquire_recursive
                0x00400268        0x4 c:/program files (x86)/atmel/studio/7.0/toolchain/arm/arm-gnu-toolchain/bin/../lib/gcc/arm-none-eabi/6.3.1/../../../../arm-none-eabi/lib/thumb/v7e-m\libc.a(lib_a-lock.o)
                0x00400268                __retarget_lock_acquire_recursive
 .text.__retarget_lock_release_recursive
                0x0040026c        0x4 c:/program files (x86)/atmel/studio/7.0/toolchain/arm/arm-gnu-toolchain/bin/../lib/gcc/arm-none-eabi/6.3.1/../../../../arm-none-eabi/lib/thumb/v7e-m\libc.a(lib_a-lock.o)
                0x0040026c                __retarget_lock_release_recursive
 .text.__register_exitproc
                0x00400270       0xc4 c:/program files (x86)/atmel/studio/7.0/toolchain/arm/arm-gnu-toolchain/bin/../lib/gcc/arm-none-eabi/6.3.1/../../../../arm-none-eabi/lib/thumb/v7e-m\libc.a(lib_a-__atexit.o)
                0x00400270                __register_exitproc
 *(.glue_7t)
 .glue_7t       0x00400334        0x0 linker stubs
 *(.glue_7)
 .glue_7        0x00400334        0x0 linker stubs
 *(.rodata .rodata* .gnu.linkonce.r.*)
 .rodata._global_impure_ptr
                0x00400334        0x4 c:/program files (x86)/atmel/studio/7.0/toolchain/arm/arm-gnu-toolchain/bin/../lib/gcc/arm-none-eabi/6.3.1/../../../../arm-none-eabi/lib/thumb/v7e-m\libc.a(lib_a-impure.o)
                0x00400334                _global_impure_ptr
 *(.ARM.extab* .gnu.linkonce.armextab.*)
                0x00400338                . = ALIGN (0x4)
 *(.init)
 .init          0x00400338        0x4 c:/program files (x86)/atmel/studio/7.0/toolchain/arm/arm-gnu-toolchain/bin/../lib/gcc/arm-none-eabi/6.3.1/thumb/v7e-m/crti.o
                0x00400338                _init
 .init          0x0040033c        0x8 c:/program files (x86)/atmel/studio/7.0/toolchain/arm/arm-gnu-toolchain/bin/../lib/gcc/arm-none-eabi/6.3.1/thumb/v7e-m/crtn.o
                0x00400344                . = ALIGN (0x4)
                0x00400344                __preinit_array_start = .
 *(.preinit_array)
                0x00400344                __preinit_array_end = .
                0x00400344                . = ALIGN (0x4)
                0x00400344                __init_array_start = .
 *(SORT(.init_array.*))
 .init_array.00000
                0x00400344        0x4 c:/program files (x86)/atmel/studio/7.0/toolchain/arm/arm-gnu-toolchain/bin/../lib/gcc/arm-none-eabi/6.3.1/../../../../arm-none-eabi/lib/thumb/v7e-m\libc.a(lib_a-__call_atexit.o)
 *(.init_array)
 .init_array    0x00400348        0x4 c:/program files (x86)/atmel/studio/7.0/toolchain/arm/arm-gnu-toolchain/bin/../lib/gcc/arm-none-eabi/6.3.1/thumb/v7e-m/crtbegin.o
                0x0040034c                __init_array_end = .
                0x0040034c                . = ALIGN (0x4)
 *crtbegin.o(.ctors)
 *(EXCLUDE_FILE(*crtend.o) .ctors)
 *(SORT(.ctors.*))
 *crtend.o(.ctors)
                0x0040034c                . = ALIGN (0x4)
 *(.fini)
 .fini          0x0040034c        0x4 c:/program files (x86)/atmel/studio/7.0/toolchain/arm/arm-gnu-toolchain/bin/../lib/gcc/arm-none-eabi/6.3.1/thumb/v7e-m/crti.o
                0x0040034c                _fini
 .fini          0x00400350        0x8 c:/program files (x86)/atmel/studio/7.0/toolchain/arm/arm-gnu-toolchain/bin/../lib/gcc/arm-none-eabi/6.3.1/thumb/v7e-m/crtn.o
                0x00400358                . = ALIGN (0x4)
                0x00400358                __fini_array_start = .
 *(.fini_array)
 .fini_array    0x00400358        0x4 c:/program files (x86)/atmel/studio/7.0/toolchain/arm/arm-gnu-toolchain/bin/../lib/gcc/arm-none-eabi/6.3.1/thumb/v7e-m/crtbegin.o
 *(SORT(.fini_array.*))
                0x0040035c                __fini_array_end = .
 *crtbegin.o(.dtors)
 *(EXCLUDE_FILE(*crtend.o) .dtors)
 *(SORT(.dtors.*))
 *crtend.o(.dtors)
                0x0040035c                . = ALIGN (0x4)
                0x0040035c                _efixed = .
                [!provide]                PROVIDE (__exidx_start, .)

.vfp11_veneer   0x0040035c        0x0
 .vfp11_veneer  0x0040035c        0x0 linker stubs

.v4_bx          0x0040035c        0x0
 .v4_bx         0x0040035c        0x0 linker stubs

.iplt           0x0040035c        0x0
 .iplt          0x0040035c        0x0 c:/program files (x86)/atmel/studio/7.0/toolchain/arm/arm-gnu-toolchain/bin/../lib/gcc/arm-none-eabi/6.3.1/thumb/v7e-m/crtbegin.o

.eh_frame       0x0040035c        0x0
 .eh_frame      0x0040035c        0x0 c:/program files (x86)/atmel/studio/7.0/toolchain/arm/arm-gnu-toolchain/bin/../lib/gcc/arm-none-eabi/6.3.1/thumb/v7e-m/crtbegin.o

.rel.dyn        0x0040035c        0x0
 .rel.iplt      0x0040035c        0x0 c:/program files (x86)/atmel/studio/7.0/toolchain/arm/arm-gnu-toolchain/bin/../lib/gcc/arm-none-eabi/6.3.1/thumb/v7e-m/crtbegin.o

.jcr            0x0040035c        0x0
 .jcr           0x0040035c        0x0 c:/program files (x86)/atmel/studio/7.0/toolchain/arm/arm-gnu-toolchain/bin/../lib/gcc/arm-none-eabi/6.3.1/thumb/v7e-m/crtbegin.o

.igot.plt       0x0040035c        0x0
 .igot.plt      0x0040035c        0x0 c:/program files (x86)/atmel/studio/7.0/toolchain/arm/arm-gnu-toolchain/bin/../lib/gcc/arm-none-eabi/6.3.1/thumb/v7e-m/crtbegin.o

.ARM.exidx
 *(.ARM.exidx* .gnu.linkonce.armexidx.*)
                [!provide]                PROVIDE (__exidx_end, .)
                0x0040035c                . = ALIGN (0x4)
                0x0040035c                _etext = .

.relocate       0x20000000      0x42c load address 0x0040035c
                0x20000000                . = ALIGN (0x4)
                0x20000000                _srelocate = .
 *(.ramfunc .ramfunc.*)
 *(.data .data.*)
 .data.impure_data
                0x20000000      0x428 c:/program files (x86)/atmel/studio/7.0/toolchain/arm/arm-gnu-toolchain/bin/../lib/gcc/arm-none-eabi/6.3.1/../../../../arm-none-eabi/lib/thumb/v7e-m\libc.a(lib_a-impure.o)
 .data.__atexit_recursive_mutex
                0x20000428        0x4 c:/program files (x86)/atmel/studio/7.0/toolchain/arm/arm-gnu-toolchain/bin/../lib/gcc/arm-none-eabi/6.3.1/../../../../arm-none-eabi/lib/thumb/v7e-m\libc.a(lib_a-__call_atexit.o)
                0x20000428                __atexit_recursive_mutex
                0x2000042c                . = ALIGN (0x4)
                0x2000042c                _erelocate = .

.bss            0x2000042c       0x40 load address 0x00400788
                0x2000042c                . = ALIGN (0x4)
                0x2000042c                _sbss = .
                0x2000042c                _szero = .
 *(.bss .bss.*)
 .bss           0x2000042c       0x1c c:/program files (x86)/atmel/studio/7.0/toolchain/arm/arm-gnu-toolchain/bin/../lib/gcc/arm-none-eabi/6.3.1/thumb/v7e-m/crtbegin.o
 *(COMMON)
 COMMON         0x20000448       0x21 c:/program files (x86)/atmel/studio/7.0/toolchain/arm/arm-gnu-toolchain/bin/../lib/gcc/arm-none-eabi/6.3.1/../../../../arm-none-eabi/lib/thumb/v7e-m\libc.a(lib_a-lock.o)
                0x20000448                __lock___atexit_recursive_mutex
                0x2000044c                __lock___arc4random_mutex
                0x20000450                __lock___env_recursive_mutex
                0x20000454                __lock___sinit_recursive_mutex
                0x20000458                __lock___malloc_recursive_mutex
                0x2000045c                __lock___at_quick_exit_mutex
                0x20000460                __lock___dd_hash_mutex
                0x20000464                __lock___tz_mutex
                0x20000468                __lock___sfp_recursive_mutex
                0x2000046c                . = ALIGN (0x4)
 *fill*         0x20000469        0x3 
                0x2000046c                _ebss = .
                0x2000046c                _ezero = .

.stack          0x2000046c      0x404 load address 0x004007c8
                0x20000470                . = ALIGN (0x8)
 *fill*         0x2000046c        0x4 
                0x20000470                _sstack = .
                0x20000870                . = (. + STACK_SIZE)
 *fill*         0x20000470      0x400 
                0x20000870                . = ALIGN (0x8)
                0x20000870                _estack = .

.heap           0x20000870      0x200 load address 0x00400bcc
                0x20000870                . = ALIGN (0x8)
                0x20000870                _sheap = .
                0x20000a70                . = (. + HEAP_SIZE)
 *fill*         0x20000870      0x200 
                0x20000a70                . = ALIGN (0x8)
                0x20000a70                _eheap = .
                0x20000a70                . = ALIGN (0x4)
                0x20000a70                _end = .
                0x20027fff                _ram_end_ = ((ORIGIN (ram) + LENGTH (ram)) - 0x1)
OUTPUT(ATSAM_OTA.elf elf32-littlearm)

.ARM.attributes
                0x00000000       0x2a
 .ARM.attributes
                0x00000000       0x1e c:/program files (x86)/atmel/studio/7.0/toolchain/arm/arm-gnu-toolchain/bin/../lib/gcc/arm-none-eabi/6.3.1/thumb/v7e-m/crti.o
 .ARM.attributes
                0x0000001e       0x2e c:/program files (x86)/atmel/studio/7.0/toolchain/arm/arm-gnu-toolchain/bin/../lib/gcc/arm-none-eabi/6.3.1/thumb/v7e-m/crtbegin.o
 .ARM.attributes
                0x0000004c       0x33 Device_Startup/startup_sam4s.o
 .ARM.attributes
                0x0000007f       0x33 Device_Startup/system_sam4s.o
 .ARM.attributes
                0x000000b2       0x33 main.o
 .ARM.attributes
                0x000000e5       0x2e c:/program files (x86)/atmel/studio/7.0/toolchain/arm/arm-gnu-toolchain/bin/../lib/gcc/arm-none-eabi/6.3.1/../../../../arm-none-eabi/lib/thumb/v7e-m\libc.a(lib_a-impure.o)
 .ARM.attributes
                0x00000113       0x2e c:/program files (x86)/atmel/studio/7.0/toolchain/arm/arm-gnu-toolchain/bin/../lib/gcc/arm-none-eabi/6.3.1/../../../../arm-none-eabi/lib/thumb/v7e-m\libc.a(lib_a-init.o)
 .ARM.attributes
                0x00000141       0x2e c:/program files (x86)/atmel/studio/7.0/toolchain/arm/arm-gnu-toolchain/bin/../lib/gcc/arm-none-eabi/6.3.1/../../../../arm-none-eabi/lib/thumb/v7e-m\libc.a(lib_a-__call_atexit.o)
 .ARM.attributes
                0x0000016f       0x2e c:/program files (x86)/atmel/studio/7.0/toolchain/arm/arm-gnu-toolchain/bin/../lib/gcc/arm-none-eabi/6.3.1/../../../../arm-none-eabi/lib/thumb/v7e-m\libc.a(lib_a-atexit.o)
 .ARM.attributes
                0x0000019d       0x2e c:/program files (x86)/atmel/studio/7.0/toolchain/arm/arm-gnu-toolchain/bin/../lib/gcc/arm-none-eabi/6.3.1/../../../../arm-none-eabi/lib/thumb/v7e-m\libc.a(lib_a-fini.o)
 .ARM.attributes
                0x000001cb       0x2e c:/program files (x86)/atmel/studio/7.0/toolchain/arm/arm-gnu-toolchain/bin/../lib/gcc/arm-none-eabi/6.3.1/../../../../arm-none-eabi/lib/thumb/v7e-m\libc.a(lib_a-lock.o)
 .ARM.attributes
                0x000001f9       0x2e c:/program files (x86)/atmel/studio/7.0/toolchain/arm/arm-gnu-toolchain/bin/../lib/gcc/arm-none-eabi/6.3.1/../../../../arm-none-eabi/lib/thumb/v7e-m\libc.a(lib_a-__atexit.o)
 .ARM.attributes
                0x00000227       0x1e c:/program files (x86)/atmel/studio/7.0/toolchain/arm/arm-gnu-toolchain/bin/../lib/gcc/arm-none-eabi/6.3.1/thumb/v7e-m/crtn.o

.comment        0x00000000       0x59
 .comment       0x00000000       0x59 Device_Startup/startup_sam4s.o
                                 0x5a (size before relaxing)
 .comment       0x00000059       0x5a Device_Startup/system_sam4s.o
 .comment       0x00000059       0x5a main.o

.debug_info     0x00000000      0xc08
 .debug_info    0x00000000      0x6b4 Device_Startup/startup_sam4s.o
 .debug_info    0x000006b4      0x458 Device_Startup/system_sam4s.o
 .debug_info    0x00000b0c       0xfc main.o

.debug_abbrev   0x00000000      0x2f3
 .debug_abbrev  0x00000000      0x153 Device_Startup/startup_sam4s.o
 .debug_abbrev  0x00000153      0x102 Device_Startup/system_sam4s.o
 .debug_abbrev  0x00000255       0x9e main.o

.debug_loc      0x00000000       0x98
 .debug_loc     0x00000000       0x78 Device_Startup/startup_sam4s.o
 .debug_loc     0x00000078       0x20 main.o

.debug_aranges  0x00000000       0x78
 .debug_aranges
                0x00000000       0x28 Device_Startup/startup_sam4s.o
 .debug_aranges
                0x00000028       0x30 Device_Startup/system_sam4s.o
 .debug_aranges
                0x00000058       0x20 main.o

.debug_ranges   0x00000000       0x48
 .debug_ranges  0x00000000       0x18 Device_Startup/startup_sam4s.o
 .debug_ranges  0x00000018       0x20 Device_Startup/system_sam4s.o
 .debug_ranges  0x00000038       0x10 main.o

.debug_macro    0x00000000     0xd385
 .debug_macro   0x00000000      0x336 Device_Startup/startup_sam4s.o
 .debug_macro   0x00000336      0x8b0 Device_Startup/startup_sam4s.o
 .debug_macro   0x00000be6       0x22 Device_Startup/startup_sam4s.o
 .debug_macro   0x00000c08       0x87 Device_Startup/startup_sam4s.o
 .debug_macro   0x00000c8f       0x51 Device_Startup/startup_sam4s.o
 .debug_macro   0x00000ce0       0xef Device_Startup/startup_sam4s.o
 .debug_macro   0x00000dcf       0x6a Device_Startup/startup_sam4s.o
 .debug_macro   0x00000e39      0x1df Device_Startup/startup_sam4s.o
 .debug_macro   0x00001018       0x27 Device_Startup/startup_sam4s.o
 .debug_macro   0x0000103f       0x1c Device_Startup/startup_sam4s.o
 .debug_macro   0x0000105b       0x22 Device_Startup/startup_sam4s.o
 .debug_macro   0x0000107d       0xdf Device_Startup/startup_sam4s.o
 .debug_macro   0x0000115c     0x102d Device_Startup/startup_sam4s.o
 .debug_macro   0x00002189      0x11f Device_Startup/startup_sam4s.o
 .debug_macro   0x000022a8      0x16c Device_Startup/startup_sam4s.o
 .debug_macro   0x00002414      0xc6e Device_Startup/startup_sam4s.o
 .debug_macro   0x00003082      0x1a8 Device_Startup/startup_sam4s.o
 .debug_macro   0x0000322a      0x12a Device_Startup/startup_sam4s.o
 .debug_macro   0x00003354       0xb2 Device_Startup/startup_sam4s.o
 .debug_macro   0x00003406      0x40e Device_Startup/startup_sam4s.o
 .debug_macro   0x00003814      0x112 Device_Startup/startup_sam4s.o
 .debug_macro   0x00003926       0x1c Device_Startup/startup_sam4s.o
 .debug_macro   0x00003942      0x785 Device_Startup/startup_sam4s.o
 .debug_macro   0x000040c7      0x311 Device_Startup/startup_sam4s.o
 .debug_macro   0x000043d8       0xbe Device_Startup/startup_sam4s.o
 .debug_macro   0x00004496     0x2810 Device_Startup/startup_sam4s.o
 .debug_macro   0x00006ca6      0x7a1 Device_Startup/startup_sam4s.o
 .debug_macro   0x00007447      0xb51 Device_Startup/startup_sam4s.o
 .debug_macro   0x00007f98       0xa6 Device_Startup/startup_sam4s.o
 .debug_macro   0x0000803e      0x3fb Device_Startup/startup_sam4s.o
 .debug_macro   0x00008439       0x64 Device_Startup/startup_sam4s.o
 .debug_macro   0x0000849d      0x1b6 Device_Startup/startup_sam4s.o
 .debug_macro   0x00008653      0x386 Device_Startup/startup_sam4s.o
 .debug_macro   0x000089d9      0x663 Device_Startup/startup_sam4s.o
 .debug_macro   0x0000903c      0x6a4 Device_Startup/startup_sam4s.o
 .debug_macro   0x000096e0      0x615 Device_Startup/startup_sam4s.o
 .debug_macro   0x00009cf5      0x346 Device_Startup/startup_sam4s.o
 .debug_macro   0x0000a03b      0x28c Device_Startup/startup_sam4s.o
 .debug_macro   0x0000a2c7      0x2cf Device_Startup/startup_sam4s.o
 .debug_macro   0x0000a596      0x6ec Device_Startup/startup_sam4s.o
 .debug_macro   0x0000ac82       0x7c Device_Startup/startup_sam4s.o
 .debug_macro   0x0000acfe       0xb8 Device_Startup/startup_sam4s.o
 .debug_macro   0x0000adb6       0xb2 Device_Startup/startup_sam4s.o
 .debug_macro   0x0000ae68       0x88 Device_Startup/startup_sam4s.o
 .debug_macro   0x0000aef0      0x100 Device_Startup/startup_sam4s.o
 .debug_macro   0x0000aff0      0x100 Device_Startup/startup_sam4s.o
 .debug_macro   0x0000b0f0       0x88 Device_Startup/startup_sam4s.o
 .debug_macro   0x0000b178       0x88 Device_Startup/startup_sam4s.o
 .debug_macro   0x0000b200      0x2cd Device_Startup/startup_sam4s.o
 .debug_macro   0x0000b4cd       0xac Device_Startup/startup_sam4s.o
 .debug_macro   0x0000b579       0xac Device_Startup/startup_sam4s.o
 .debug_macro   0x0000b625       0x52 Device_Startup/startup_sam4s.o
 .debug_macro   0x0000b677       0xac Device_Startup/startup_sam4s.o
 .debug_macro   0x0000b723       0x7c Device_Startup/startup_sam4s.o
 .debug_macro   0x0000b79f       0x40 Device_Startup/startup_sam4s.o
 .debug_macro   0x0000b7df       0x64 Device_Startup/startup_sam4s.o
 .debug_macro   0x0000b843       0x46 Device_Startup/startup_sam4s.o
 .debug_macro   0x0000b889       0x88 Device_Startup/startup_sam4s.o
 .debug_macro   0x0000b911       0x4c Device_Startup/startup_sam4s.o
 .debug_macro   0x0000b95d       0xa6 Device_Startup/startup_sam4s.o
 .debug_macro   0x0000ba03       0x7c Device_Startup/startup_sam4s.o
 .debug_macro   0x0000ba7f       0x16 Device_Startup/startup_sam4s.o
 .debug_macro   0x0000ba95       0x7c Device_Startup/startup_sam4s.o
 .debug_macro   0x0000bb11       0x22 Device_Startup/startup_sam4s.o
 .debug_macro   0x0000bb33       0x22 Device_Startup/startup_sam4s.o
 .debug_macro   0x0000bb55      0x186 Device_Startup/startup_sam4s.o
 .debug_macro   0x0000bcdb      0x156 Device_Startup/startup_sam4s.o
 .debug_macro   0x0000be31      0x156 Device_Startup/startup_sam4s.o
 .debug_macro   0x0000bf87       0x1c Device_Startup/startup_sam4s.o
 .debug_macro   0x0000bfa3       0x2e Device_Startup/startup_sam4s.o
 .debug_macro   0x0000bfd1       0x22 Device_Startup/startup_sam4s.o
 .debug_macro   0x0000bff3       0x1c Device_Startup/startup_sam4s.o
 .debug_macro   0x0000c00f       0x52 Device_Startup/startup_sam4s.o
 .debug_macro   0x0000c061       0x10 Device_Startup/startup_sam4s.o
 .debug_macro   0x0000c071      0x234 Device_Startup/startup_sam4s.o
 .debug_macro   0x0000c2a5      0x93e Device_Startup/startup_sam4s.o
 .debug_macro   0x0000cbe3      0x12a Device_Startup/startup_sam4s.o
 .debug_macro   0x0000cd0d      0x342 Device_Startup/system_sam4s.o
 .debug_macro   0x0000d04f      0x336 main.o

.debug_line     0x00000000     0x14ff
 .debug_line    0x00000000      0x6fe Device_Startup/startup_sam4s.o
 .debug_line    0x000006fe      0x73d Device_Startup/system_sam4s.o
 .debug_line    0x00000e3b      0x6c4 main.o

.debug_str      0x00000000    0x403c8
 .debug_str     0x00000000    0x4017c Device_Startup/startup_sam4s.o
                              0x4036e (size before relaxing)
 .debug_str     0x0004017c      0x239 Device_Startup/system_sam4s.o
                              0x40113 (size before relaxing)
 .debug_str     0x000403b5       0x13 main.o
                              0x3fef4 (size before relaxing)

.debug_frame    0x00000000      0x260
 .debug_frame   0x00000000       0x38 Device_Startup/startup_sam4s.o
 .debug_frame   0x00000038       0x40 Device_Startup/system_sam4s.o
 .debug_frame   0x00000078       0x28 main.o
 .debug_frame   0x000000a0       0x2c c:/program files (x86)/atmel/studio/7.0/toolchain/arm/arm-gnu-toolchain/bin/../lib/gcc/arm-none-eabi/6.3.1/../../../../arm-none-eabi/lib/thumb/v7e-m\libc.a(lib_a-init.o)
 .debug_frame   0x000000cc       0x5c c:/program files (x86)/atmel/studio/7.0/toolchain/arm/arm-gnu-toolchain/bin/../lib/gcc/arm-none-eabi/6.3.1/../../../../arm-none-eabi/lib/thumb/v7e-m\libc.a(lib_a-__call_atexit.o)
 .debug_frame   0x00000128       0x20 c:/program files (x86)/atmel/studio/7.0/toolchain/arm/arm-gnu-toolchain/bin/../lib/gcc/arm-none-eabi/6.3.1/../../../../arm-none-eabi/lib/thumb/v7e-m\libc.a(lib_a-atexit.o)
 .debug_frame   0x00000148       0x34 c:/program files (x86)/atmel/studio/7.0/toolchain/arm/arm-gnu-toolchain/bin/../lib/gcc/arm-none-eabi/6.3.1/../../../../arm-none-eabi/lib/thumb/v7e-m\libc.a(lib_a-fini.o)
 .debug_frame   0x0000017c       0xb0 c:/program files (x86)/atmel/studio/7.0/toolchain/arm/arm-gnu-toolchain/bin/../lib/gcc/arm-none-eabi/6.3.1/../../../../arm-none-eabi/lib/thumb/v7e-m\libc.a(lib_a-lock.o)
 .debug_frame   0x0000022c       0x34 c:/program files (x86)/atmel/studio/7.0/toolchain/arm/arm-gnu-toolchain/bin/../lib/gcc/arm-none-eabi/6.3.1/../../../../arm-none-eabi/lib/thumb/v7e-m\libc.a(lib_a-__atexit.o)
